
running 1 test
test rejects_a_signature_header_without_a_preceding_payload_line_feed ... FAILED

failures:

---- rejects_a_signature_header_without_a_preceding_payload_line_feed stdout ----

thread 'rejects_a_signature_header_without_a_preceding_payload_line_feed' (5268) panicked at xtask\tests\control_record_bytes.rs:29:49:
called `Result::unwrap_err()` on an `Ok` value: VerifiedControlRecordBytes { signed_payload_sha256: SignedPayloadDigest([227, 176, 196, 66, 152, 252, 28, 20, 154, 251, 244, 200, 153, 111, 185, 36, 39, 174, 65, 228, 100, 155, 147, 76, 164, 149, 153, 27, 120, 82, 184, 85]), exact_record_file_sha256: ExactRecordFileDigest([209, 244, 199, 16, 220, 117, 70, 197, 79, 249, 225, 99, 232, 67, 203, 129, 171, 167, 55, 237, 216, 106, 220, 58, 5, 159, 171, 239, 20, 155, 120, 50]) }
stack backtrace:
   0: std::panicking::panic_handler
             at /rustc/88d9e12ae178fab0fb5cc050a94da85685d449ea/library\std\src\panicking.rs:679
   1: core::panicking::panic_fmt
             at /rustc/88d9e12ae178fab0fb5cc050a94da85685d449ea/library\core\src\panicking.rs:80
   2: core::result::unwrap_failed
             at /rustc/88d9e12ae178fab0fb5cc050a94da85685d449ea/library\core\src\result.rs:1870
   3: enum2$<core::result::Result<xtask::control_record_bytes::VerifiedControlRecordBytes,xtask::control_record_bytes::ControlRecordBytesError> >::unwrap_err<xtask::control_record_bytes::VerifiedControlRecordBytes,xtask::control_record_bytes::ControlRecordBytesE
             at /rustc/88d9e12ae178fab0fb5cc050a94da85685d449ea/library\core\src\result.rs:1327
   4: control_record_bytes::error
             at .\tests\control_record_bytes.rs:29
   5: control_record_bytes::rejects_a_signature_header_without_a_preceding_payload_line_feed
             at .\tests\control_record_bytes.rs:88
   6: control_record_bytes::rejects_a_signature_header_without_a_preceding_payload_line_feed::closure$0
             at .\tests\control_record_bytes.rs:81
   7: core::ops::function::FnOnce::call_once<control_record_bytes::rejects_a_signature_header_without_a_preceding_payload_line_feed::closure_env$0,tuple$<> >
             at /rustc/88d9e12ae178fab0fb5cc050a94da85685d449ea/library\core\src\ops\function.rs:250
   8: core::ops::function::FnOnce::call_once
             at /rustc/88d9e12ae178fab0fb5cc050a94da85685d449ea/library\core\src\ops\function.rs:250
note: Some details are omitted, run with `RUST_BACKTRACE=full` for a verbose backtrace.


failures:
    rejects_a_signature_header_without_a_preceding_payload_line_feed

test result: FAILED. 0 passed; 1 failed; 0 ignored; 0 measured; 8 filtered out; finished in 0.06s

